../Core/Src/main.c:80:5:main	8	static
../Core/Src/main.c:151:6:SystemClock_Config	88	static
../Core/Src/main.c:192:13:MX_NVIC_Init	8	static
../Core/Src/main.c:222:13:MX_TIM2_Init	32	static
../Core/Src/main.c:267:13:MX_USART1_UART_Init	8	static
../Core/Src/main.c:300:13:MX_USART2_UART_Init	8	static
../Core/Src/main.c:331:13:MX_DMA_Init	16	static
../Core/Src/main.c:345:13:MX_GPIO_Init	40	static
../Core/Src/main.c:366:6:HAL_UART_RxCpltCallback	16	static
../Core/Src/main.c:385:6:HAL_UART_TxCpltCallback	16	static
../Core/Src/main.c:401:6:HAL_TIM_PeriodElapsedCallback	16	static
../Core/Src/main.c:416:6:Error_Handler	4	static,ignoring_inline_asm
